Analysis & Synthesis report for AA2380-MAXV_TSTQ9
Thu Apr 17 15:42:18 2025
Quartus II Version 9.1 Build 350 03/24/2010 Service Pack 2 SJ Web Edition


---------------------
; Table of Contents ;
---------------------
  1. Legal Notice
  2. Analysis & Synthesis Summary
  3. Analysis & Synthesis Settings
  4. Parallel Compilation
  5. Analysis & Synthesis Source Files Read
  6. Analysis & Synthesis Resource Usage Summary
  7. Analysis & Synthesis Resource Utilization by Entity
  8. Registers Removed During Synthesis
  9. General Register Statistics
 10. Inverted Register Statistics
 11. Parameter Settings for User Entity Instance: CONSTVAL:inst13|lpm_constant:lpm_constant_component
 12. Analysis & Synthesis Messages



----------------
; Legal Notice ;
----------------
Copyright (C) 1991-2010 Altera Corporation
Your use of Altera Corporation's design tools, logic functions 
and other software and tools, and its AMPP partner logic 
functions, and any output files from any of the foregoing 
(including device programming or simulation files), and any 
associated documentation or information are expressly subject 
to the terms and conditions of the Altera Program License 
Subscription Agreement, Altera MegaCore Function License 
Agreement, or other applicable license agreement, including, 
without limitation, that your use is for the sole purpose of 
programming logic devices manufactured by Altera and sold by 
Altera or its authorized distributors.  Please refer to the 
applicable agreement for further details.



+----------------------------------------------------------------------------+
; Analysis & Synthesis Summary                                               ;
+-----------------------------+----------------------------------------------+
; Analysis & Synthesis Status ; Successful - Thu Apr 17 15:42:18 2025        ;
; Quartus II Version          ; 9.1 Build 350 03/24/2010 SP 2 SJ Web Edition ;
; Revision Name               ; AA2380-MAXV_TSTQ9                            ;
; Top-level Entity Name       ; TEST_ReadADCfullspeed                        ;
; Family                      ; MAX II                                       ;
; Total logic elements        ; 122                                          ;
; Total pins                  ; 32                                           ;
; Total virtual pins          ; 0                                            ;
; UFM blocks                  ; 0 / 1 ( 0 % )                                ;
+-----------------------------+----------------------------------------------+


+-------------------------------------------------------------------------------------------------------------------------+
; Analysis & Synthesis Settings                                                                                           ;
+----------------------------------------------------------------------------+-----------------------+--------------------+
; Option                                                                     ; Setting               ; Default Value      ;
+----------------------------------------------------------------------------+-----------------------+--------------------+
; Device                                                                     ; EPM2210F324C3         ;                    ;
; Top-level entity name                                                      ; TEST_ReadADCfullspeed ; AA2380-MAXV_TSTQ9  ;
; Family name                                                                ; MAX II                ; Stratix II         ;
; Use smart compilation                                                      ; Off                   ; Off                ;
; Enable parallel Assembler and TimeQuest Timing Analyzer during compilation ; On                    ; On                 ;
; Enable compact report table                                                ; Off                   ; Off                ;
; Restructure Multiplexers                                                   ; Auto                  ; Auto               ;
; Create Debugging Nodes for IP Cores                                        ; Off                   ; Off                ;
; Preserve fewer node names                                                  ; On                    ; On                 ;
; Disable OpenCore Plus hardware evaluation                                  ; Off                   ; Off                ;
; Verilog Version                                                            ; Verilog_2001          ; Verilog_2001       ;
; VHDL Version                                                               ; VHDL_1993             ; VHDL_1993          ;
; State Machine Processing                                                   ; Auto                  ; Auto               ;
; Safe State Machine                                                         ; Off                   ; Off                ;
; Extract Verilog State Machines                                             ; On                    ; On                 ;
; Extract VHDL State Machines                                                ; On                    ; On                 ;
; Ignore Verilog initial constructs                                          ; Off                   ; Off                ;
; Iteration limit for constant Verilog loops                                 ; 5000                  ; 5000               ;
; Iteration limit for non-constant Verilog loops                             ; 250                   ; 250                ;
; Add Pass-Through Logic to Inferred RAMs                                    ; On                    ; On                 ;
; Parallel Synthesis                                                         ; On                    ; On                 ;
; NOT Gate Push-Back                                                         ; On                    ; On                 ;
; Power-Up Don't Care                                                        ; On                    ; On                 ;
; Remove Redundant Logic Cells                                               ; Off                   ; Off                ;
; Remove Duplicate Registers                                                 ; On                    ; On                 ;
; Ignore CARRY Buffers                                                       ; Off                   ; Off                ;
; Ignore CASCADE Buffers                                                     ; Off                   ; Off                ;
; Ignore GLOBAL Buffers                                                      ; Off                   ; Off                ;
; Ignore ROW GLOBAL Buffers                                                  ; Off                   ; Off                ;
; Ignore LCELL Buffers                                                       ; Off                   ; Off                ;
; Ignore SOFT Buffers                                                        ; On                    ; On                 ;
; Limit AHDL Integers to 32 Bits                                             ; Off                   ; Off                ;
; Optimization Technique                                                     ; Balanced              ; Balanced           ;
; Carry Chain Length                                                         ; 70                    ; 70                 ;
; Auto Carry Chains                                                          ; On                    ; On                 ;
; Auto Open-Drain Pins                                                       ; On                    ; On                 ;
; Perform WYSIWYG Primitive Resynthesis                                      ; Off                   ; Off                ;
; Auto Shift Register Replacement                                            ; Auto                  ; Auto               ;
; Auto Clock Enable Replacement                                              ; On                    ; On                 ;
; Allow Synchronous Control Signals                                          ; On                    ; On                 ;
; Force Use of Synchronous Clear Signals                                     ; Off                   ; Off                ;
; Auto Resource Sharing                                                      ; Off                   ; Off                ;
; Use LogicLock Constraints during Resource Balancing                        ; On                    ; On                 ;
; Ignore translate_off and synthesis_off directives                          ; Off                   ; Off                ;
; Show Parameter Settings Tables in Synthesis Report                         ; On                    ; On                 ;
; Ignore Maximum Fan-Out Assignments                                         ; Off                   ; Off                ;
; Synchronization Register Chain Length                                      ; 2                     ; 2                  ;
; PowerPlay Power Optimization                                               ; Normal compilation    ; Normal compilation ;
; HDL message level                                                          ; Level2                ; Level2             ;
; Suppress Register Optimization Related Messages                            ; Off                   ; Off                ;
; Number of Removed Registers Reported in Synthesis Report                   ; 5000                  ; 5000               ;
; Number of Inverted Registers Reported in Synthesis Report                  ; 100                   ; 100                ;
; Clock MUX Protection                                                       ; On                    ; On                 ;
; Block Design Naming                                                        ; Auto                  ; Auto               ;
; Synthesis Effort                                                           ; Auto                  ; Auto               ;
; Shift Register Replacement - Allow Asynchronous Clear Signal               ; On                    ; On                 ;
; Analysis & Synthesis Message Level                                         ; Medium                ; Medium             ;
; Disable Register Merging Across Hierarchies                                ; Auto                  ; Auto               ;
+----------------------------------------------------------------------------+-----------------------+--------------------+


Parallel compilation was disabled, but you have multiple processors available. Enable parallel compilation to reduce compilation time.
+-------------------------------------+
; Parallel Compilation                ;
+----------------------------+--------+
; Processors                 ; Number ;
+----------------------------+--------+
; Number detected on machine ; 4      ;
; Maximum allowed            ; 1      ;
+----------------------------+--------+


+-------------------------------------------------------------------------------------------------------------------------------------------------------------------------------------------------------------------+
; Analysis & Synthesis Source Files Read                                                                                                                                                                            ;
+----------------------------------+-----------------+------------------------------------+-------------------------------------------------------------------------------------------------------------------------+
; File Name with User-Entered Path ; Used in Netlist ; File Type                          ; File Name with Absolute Path                                                                                            ;
+----------------------------------+-----------------+------------------------------------+-------------------------------------------------------------------------------------------------------------------------+
; f20_emulateadc.vhd               ; yes             ; User VHDL File                     ; D:/Mes documents/P-CAD_PROJECTS/_PROJETS_ON/Projects/Git/_Logiciels_KICAD/AA2380-MAXV_TSTQ9.1/f20_emulateadc.vhd        ;
; CONSTVAL.vhd                     ; yes             ; User Wizard-Generated File         ; D:/Mes documents/P-CAD_PROJECTS/_PROJETS_ON/Projects/Git/_Logiciels_KICAD/AA2380-MAXV_TSTQ9.1/CONSTVAL.vhd              ;
; F1_ReadADCFullSpeed.vhd          ; yes             ; User VHDL File                     ; D:/Mes documents/P-CAD_PROJECTS/_PROJETS_ON/Projects/Git/_Logiciels_KICAD/AA2380-MAXV_TSTQ9.1/F1_ReadADCFullSpeed.vhd   ;
; TEST_ReadADCfullspeed.bdf        ; yes             ; User Block Diagram/Schematic File  ; D:/Mes documents/P-CAD_PROJECTS/_PROJETS_ON/Projects/Git/_Logiciels_KICAD/AA2380-MAXV_TSTQ9.1/TEST_ReadADCfullspeed.bdf ;
; lpm_constant.tdf                 ; yes             ; Megafunction                       ; d:/altera/quartus/libraries/megafunctions/lpm_constant.tdf                                                              ;
+----------------------------------+-----------------+------------------------------------+-------------------------------------------------------------------------------------------------------------------------+


+------------------------------------------------------------------------------+
; Analysis & Synthesis Resource Usage Summary                                  ;
+---------------------------------------------+--------------------------------+
; Resource                                    ; Usage                          ;
+---------------------------------------------+--------------------------------+
; Total logic elements                        ; 122                            ;
;     -- Combinational with no register       ; 26                             ;
;     -- Register only                        ; 39                             ;
;     -- Combinational with a register        ; 57                             ;
;                                             ;                                ;
; Logic element usage by number of LUT inputs ;                                ;
;     -- 4 input functions                    ; 35                             ;
;     -- 3 input functions                    ; 7                              ;
;     -- 2 input functions                    ; 26                             ;
;     -- 1 input functions                    ; 13                             ;
;     -- 0 input functions                    ; 2                              ;
;                                             ;                                ;
; Logic elements by mode                      ;                                ;
;     -- normal mode                          ; 110                            ;
;     -- arithmetic mode                      ; 12                             ;
;     -- qfbk mode                            ; 0                              ;
;     -- register cascade mode                ; 0                              ;
;     -- synchronous clear/load mode          ; 6                              ;
;     -- asynchronous clear/load mode         ; 61                             ;
;                                             ;                                ;
; Total registers                             ; 96                             ;
; Total logic cells in carry chains           ; 15                             ;
; I/O pins                                    ; 32                             ;
; Maximum fan-out node                        ; F1_ReadADCFullSpeed:inst1|SCKL ;
; Maximum fan-out                             ; 54                             ;
; Total fan-out                               ; 474                            ;
; Average fan-out                             ; 3.08                           ;
+---------------------------------------------+--------------------------------+


+-------------------------------------------------------------------------------------------------------------------------------------------------------------------------------------------------------------------------------------------------------+
; Analysis & Synthesis Resource Utilization by Entity                                                                                                                                                                                                   ;
+--------------------------------+-------------+--------------+------------+------+--------------+--------------+-------------------+------------------+-----------------+------------+--------------------------------------------------+--------------+
; Compilation Hierarchy Node     ; Logic Cells ; LC Registers ; UFM Blocks ; Pins ; Virtual Pins ; LUT-Only LCs ; Register-Only LCs ; LUT/Register LCs ; Carry Chain LCs ; Packed LCs ; Full Hierarchy Name                              ; Library Name ;
+--------------------------------+-------------+--------------+------------+------+--------------+--------------+-------------------+------------------+-----------------+------------+--------------------------------------------------+--------------+
; |TEST_ReadADCfullspeed         ; 122 (3)     ; 96           ; 0          ; 32   ; 0            ; 26 (1)       ; 39 (2)            ; 57 (0)           ; 15 (0)          ; 0 (0)      ; |TEST_ReadADCfullspeed                           ; work         ;
;    |F1_ReadADCFullSpeed:inst1| ; 86 (86)     ; 62           ; 0          ; 0    ; 0            ; 24 (24)      ; 26 (26)           ; 36 (36)          ; 9 (9)           ; 0 (0)      ; |TEST_ReadADCfullspeed|F1_ReadADCFullSpeed:inst1 ; work         ;
;    |F20_EmulateADC:inst9|      ; 33 (33)     ; 32           ; 0          ; 0    ; 0            ; 1 (1)        ; 11 (11)           ; 21 (21)          ; 6 (6)           ; 0 (0)      ; |TEST_ReadADCfullspeed|F20_EmulateADC:inst9      ; work         ;
+--------------------------------+-------------+--------------+------------+------+--------------+--------------+-------------------+------------------+-----------------+------------+--------------------------------------------------+--------------+
Note: For table entries with two numbers listed, the numbers in parentheses indicate the number of resources of the given type used by the specific entity alone. The numbers listed outside of parentheses indicate the total resources of the given type used by the specific entity and all of its sub-entities in the hierarchy.


+------------------------------------------------------------+
; Registers Removed During Synthesis                         ;
+---------------------------------------+--------------------+
; Register name                         ; Reason for Removal ;
+---------------------------------------+--------------------+
; F1_ReadADCFullSpeed:inst1|CLKFSd1     ; Merged with inst3  ;
; Total Number of Removed Registers = 1 ;                    ;
+---------------------------------------+--------------------+


+------------------------------------------------------+
; General Register Statistics                          ;
+----------------------------------------------+-------+
; Statistic                                    ; Value ;
+----------------------------------------------+-------+
; Total registers                              ; 96    ;
; Number of registers using Synchronous Clear  ; 6     ;
; Number of registers using Synchronous Load   ; 0     ;
; Number of registers using Asynchronous Clear ; 61    ;
; Number of registers using Asynchronous Load  ; 0     ;
; Number of registers using Clock Enable       ; 17    ;
; Number of registers using Preset             ; 0     ;
+----------------------------------------------+-------+


+---------------------------------------------------+
; Inverted Register Statistics                      ;
+-----------------------------------------+---------+
; Inverted Register                       ; Fan out ;
+-----------------------------------------+---------+
; F20_EmulateADC:inst9|SRDATA[23]         ; 19      ;
; F20_EmulateADC:inst9|SRDATA[20]         ; 1       ;
; F20_EmulateADC:inst9|SRDATA[19]         ; 1       ;
; F20_EmulateADC:inst9|SRDATA[18]         ; 1       ;
; F20_EmulateADC:inst9|SRDATA[15]         ; 1       ;
; F20_EmulateADC:inst9|SRDATA[12]         ; 1       ;
; F20_EmulateADC:inst9|SRDATA[11]         ; 1       ;
; F20_EmulateADC:inst9|SRDATA[10]         ; 1       ;
; F20_EmulateADC:inst9|SRDATA[9]          ; 1       ;
; F20_EmulateADC:inst9|SRDATA[8]          ; 1       ;
; F20_EmulateADC:inst9|SRDATA[6]          ; 1       ;
; F20_EmulateADC:inst9|SRDATA[3]          ; 1       ;
; F20_EmulateADC:inst9|SRDATA[2]          ; 1       ;
; F20_EmulateADC:inst9|SRDATA[0]          ; 1       ;
; Total number of inverted registers = 14 ;         ;
+-----------------------------------------+---------+


+--------------------------------------------------------------------------------------------------+
; Parameter Settings for User Entity Instance: CONSTVAL:inst13|lpm_constant:lpm_constant_component ;
+--------------------+------------------+----------------------------------------------------------+
; Parameter Name     ; Value            ; Type                                                     ;
+--------------------+------------------+----------------------------------------------------------+
; LPM_WIDTH          ; 24               ; Signed Integer                                           ;
; LPM_CVALUE         ; 10264397         ; Signed Integer                                           ;
; ENABLE_RUNTIME_MOD ; NO               ; Untyped                                                  ;
; CBXI_PARAMETER     ; lpm_constant_rs6 ; Untyped                                                  ;
+--------------------+------------------+----------------------------------------------------------+
Note: In order to hide this table in the UI and the text report file, please set the "Show Parameter Settings Tables in Synthesis Report" option in "Analysis and Synthesis Settings -> More Settings" to "Off".


+-------------------------------+
; Analysis & Synthesis Messages ;
+-------------------------------+
Info: *******************************************************************
Info: Running Quartus II Analysis & Synthesis
    Info: Version 9.1 Build 350 03/24/2010 Service Pack 2 SJ Web Edition
    Info: Processing started: Thu Apr 17 15:42:17 2025
Info: Command: quartus_map --read_settings_files=on --write_settings_files=off AA2380_MAXV -c AA2380-MAXV_TSTQ9
Info: Found 1 design units, including 1 entities, in source file aa2380_maxv.bdf
    Info: Found entity 1: AA2380_MAXV
Info: Found 1 design units, including 1 entities, in source file f00_testadc.bdf
    Info: Found entity 1: F00_TestADC
Info: Found 2 design units, including 1 entities, in source file f20_emulateadcii.vhd
    Info: Found design unit 1: F20_EmulateADCII-Behavioral
    Info: Found entity 1: F20_EmulateADCII
Info: Found 1 design units, including 1 entities, in source file test_f20ii.bdf
    Info: Found entity 1: Test_F20II
Info: Found 2 design units, including 1 entities, in source file f1_readadc_multimodes.vhd
    Info: Found design unit 1: F1_readADC_multimodes-Behavioral
    Info: Found entity 1: F1_readADC_multimodes
Info: Found 2 design units, including 1 entities, in source file f1_readadc_multimodestst.vhd
    Info: Found design unit 1: F1_readADC_multimodesTST-Behavioral
    Info: Found entity 1: F1_readADC_multimodesTST
Info: Found 2 design units, including 1 entities, in source file f20_emulateadc.vhd
    Info: Found design unit 1: F20_EmulateADC-Behavioral
    Info: Found entity 1: F20_EmulateADC
Warning: Can't analyze file -- file F0_ClockEnable_BETA2.vhd is missing
Info: Found 1 design units, including 1 entities, in source file test_multimodes_extclockenable.bdf
    Info: Found entity 1: TEST_Multimodes_ExtClockEnable
Info: Found 2 design units, including 1 entities, in source file f1_readadcmulti_extclk.vhd
    Info: Found design unit 1: F1_readADCmulti_ExtClk-Behavioral
    Info: Found entity 1: F1_readADCmulti_ExtClk
Info: Found 2 design units, including 1 entities, in source file constval.vhd
    Info: Found design unit 1: constval-SYN
    Info: Found entity 1: CONSTVAL
Info: Found 1 design units, including 1 entities, in source file test_clocks_modules.bdf
    Info: Found entity 1: TEST_Clocks_Modules
Info: Found 2 design units, including 1 entities, in source file f7_readyii.vhd
    Info: Found design unit 1: F7_ReadyII-Behavioral
    Info: Found entity 1: F7_ReadyII
Info: Found 1 design units, including 1 entities, in source file 4lanesrxtx.bdf
    Info: Found entity 1: 4LanesRXTX
Info: Found 2 design units, including 1 entities, in source file decimalcounter.vhd
    Info: Found design unit 1: DecimalCounter-Behavioral
    Info: Found entity 1: DecimalCounter
Info: Found 1 design units, including 1 entities, in source file spi_in_out_test.bdf
    Info: Found entity 1: SPI_in_out_test
Info: Found 2 design units, including 1 entities, in source file divider_by_64.vhd
    Info: Found design unit 1: divider_by_64-Behavioral
    Info: Found entity 1: divider_by_64
Info: Found 2 design units, including 1 entities, in source file f0_ctrl_encoder_e.vhd
    Info: Found design unit 1: F0_ctrl_encoder_E-select_mode
    Info: Found entity 1: F0_ctrl_encoder_E
Info: Found 2 design units, including 1 entities, in source file pulseonchange.vhd
    Info: Found design unit 1: PulseOnChange-Behavioral
    Info: Found entity 1: PulseOnChange
Info: Found 2 design units, including 1 entities, in source file f21_divider_by_64x64.vhd
    Info: Found design unit 1: F21_Divider_by_64x64-Behavioral
    Info: Found entity 1: F21_Divider_by_64x64
Info: Found 2 design units, including 1 entities, in source file f7_ready.vhd
    Info: Found design unit 1: F7_Ready-Behavioral
    Info: Found entity 1: F7_Ready
Info: Found 2 design units, including 1 entities, in source file fs_generator.vhd
    Info: Found design unit 1: fs_generator-Behavioral
    Info: Found entity 1: fs_generator
Info: Found 2 design units, including 1 entities, in source file f0_clockenable_beta3.vhd
    Info: Found design unit 1: F0_ClockEnable_BETA3-DESCRIPTION
    Info: Found entity 1: F0_ClockEnable_BETA3
Info: Found 1 design units, including 1 entities, in source file testlut_128.bdf
    Info: Found entity 1: TestLUT_128
Info: Found 1 design units, including 1 entities, in source file ncoanddither.bdf
    Info: Found entity 1: NCOandDIther
Info: Found 1 design units, including 1 entities, in source file testlutcount96.bdf
    Info: Found entity 1: TestLUTcount96
Info: Found 2 design units, including 1 entities, in source file f1_readadcfullspeed.vhd
    Info: Found design unit 1: F1_ReadADCFullSpeed-Behavioral
    Info: Found entity 1: F1_ReadADCFullSpeed
Info: Found 1 design units, including 1 entities, in source file test_readadcfullspeed.bdf
    Info: Found entity 1: TEST_ReadADCfullspeed
Info: Elaborating entity "TEST_ReadADCfullspeed" for the top level hierarchy
Info: Elaborating entity "F1_ReadADCFullSpeed" for hierarchy "F1_ReadADCFullSpeed:inst1"
Info: Elaborating entity "F20_EmulateADC" for hierarchy "F20_EmulateADC:inst9"
Info: Elaborating entity "CONSTVAL" for hierarchy "CONSTVAL:inst13"
Info: Elaborating entity "lpm_constant" for hierarchy "CONSTVAL:inst13|lpm_constant:lpm_constant_component"
Info: Elaborated megafunction instantiation "CONSTVAL:inst13|lpm_constant:lpm_constant_component"
Info: Instantiated megafunction "CONSTVAL:inst13|lpm_constant:lpm_constant_component" with the following parameter:
    Info: Parameter "lpm_cvalue" = "10264397"
    Info: Parameter "lpm_hint" = "ENABLE_RUNTIME_MOD=NO"
    Info: Parameter "lpm_type" = "LPM_CONSTANT"
    Info: Parameter "lpm_width" = "24"
Info: Registers with preset signals will power-up high
Info: Implemented 154 device resources after synthesis - the final resource count might be different
    Info: Implemented 3 input pins
    Info: Implemented 29 output pins
    Info: Implemented 122 logic cells
Warning: Ignored assignments for entity "AA2380-MAXV_TSTQ9" -- entity does not exist in design
    Warning: Assignment for entity set_global_assignment -name LL_ROOT_REGION ON -entity "AA2380-MAXV_TSTQ9" -section_id "Root Region" was ignored
    Warning: Assignment for entity set_global_assignment -name LL_MEMBER_STATE LOCKED -entity "AA2380-MAXV_TSTQ9" -section_id "Root Region" was ignored
Info: Quartus II Analysis & Synthesis was successful. 0 errors, 4 warnings
    Info: Peak virtual memory: 257 megabytes
    Info: Processing ended: Thu Apr 17 15:42:18 2025
    Info: Elapsed time: 00:00:01
    Info: Total CPU time (on all processors): 00:00:02


