--------------------------------------------------------------------------------------
Timing Analyzer Summary
--------------------------------------------------------------------------------------

Type           : Worst-case tsu
Slack          : N/A
Required Time  : None
Actual Time    : 1.469 ns
From           : clear
To             : CLK_1kHz~reg0
From Clock     : --
To Clock       : FSo
Failed Paths   : 0

Type           : Worst-case tco
Slack          : N/A
Required Time  : None
Actual Time    : 10.508 ns
From           : READY~reg0
To             : READY
From Clock     : FSo
To Clock       : --
Failed Paths   : 0

Type           : Worst-case th
Slack          : N/A
Required Time  : None
Actual Time    : 3.918 ns
From           : clear
To             : READY~reg0
From Clock     : --
To Clock       : FSo
Failed Paths   : 0

Type           : Clock Setup: 'FSo'
Slack          : N/A
Required Time  : None
Actual Time    : 224.22 MHz ( period = 4.460 ns )
From           : counter[3]
To             : counter[5]
From Clock     : FSo
To Clock       : FSo
Failed Paths   : 0

Type           : Total number of failed paths
Slack          : 
Required Time  : 
Actual Time    : 
From           : 
To             : 
From Clock     : 
To Clock       : 
Failed Paths   : 0

--------------------------------------------------------------------------------------

